[jayantgoel001.github.io/index.html]
[jayantgoel001.github.io/assets/fonts/BlackOpsOne.woff2]
[backblue.gif]
[fade.gif]
[index.html]
[jayantgoel001.github.io/manifest.webmanifest]
[jayantgoel001.github.io/favicon-16x16.png]
[jayantgoel001.github.io/favicon-32x32.png]
[jayantgoel001.github.io/apple-touch-icon.png]
[jayantgoel001.github.io/assets/images/safari-pinned-tab.svg]
[jayantgoel001.github.io/assets/images/mstile-70x70.png]
[jayantgoel001.github.io/assets/images/mstile-144x144.png]
[jayantgoel001.github.io/assets/images/mstile-150x150.png]
[jayantgoel001.github.io/assets/images/mstile-310x150.png]
[jayantgoel001.github.io/assets/images/mstile-310x310.png]
[jayantgoel001.github.io/assets/images/background-image.jpg]
[jayantgoel001.github.io/assets/images/bgimg.webp]
[jayantgoel001.github.io/assets/fonts/BlackOpsOne.woff]
[jayantgoel001.github.io/assets/fonts/BlackOpsOne.eot]
[jayantgoel001.github.io/assets/fonts/BlackOpsOne.ttf]
[jayantgoel001.github.io/assets/fonts/BlackOpsOne.svg]
[jayantgoel001.github.io/styles.402510181605b4d4.css]
[jayantgoel001.github.io/runtime.c03dde7b1a848357.js]
[jayantgoel001.github.io/polyfills.658d090af0c5543f.js]
[jayantgoel001.github.io/scripts.1ee493dc44c55b46.js]
[jayantgoel001.github.io/index.html]
[jayantgoel001.github.io/assets/images/safari-pinned-tab.svg]
[jayantgoel001.github.io/assets/fonts/BlackOpsOne.svg]
[jayantgoel001.github.io/main.2bc803718a6c208c.js]
[jayantgoel001.github.io/fa-brands-400.a9db39c081f4c22d.woff2]
[jayantgoel001.github.io/fa-brands-400.b6fc96a61a67ef49.woff]
[jayantgoel001.github.io/fa-brands-400.dbaefb1ada4463c9d41d.eot]
[jayantgoel001.github.io/fa-brands-400.ffbc06ed4d37b1aa.ttf]
[jayantgoel001.github.io/fa-brands-400.ed0e53525eca5cb3.svg]
[jayantgoel001.github.io/fa-regular-400.3dd189939edd9e64.woff2]
[jayantgoel001.github.io/fa-regular-400.8ec744480dfa74c7.woff]
[jayantgoel001.github.io/fa-regular-400.65c9c5f437709434d41d.eot]
[jayantgoel001.github.io/fa-regular-400.17d8744d8402339a.ttf]
[jayantgoel001.github.io/fa-regular-400.1ed138b91f0db879.svg]
[jayantgoel001.github.io/fa-solid-900.284093a8f3becc54.woff2]
[jayantgoel001.github.io/fa-solid-900.3d7a91221f779022.woff]
[jayantgoel001.github.io/fa-solid-900.d80d93face7fbbc1d41d.eot]
[jayantgoel001.github.io/fa-solid-900.45add571878710a9.ttf]
[jayantgoel001.github.io/fa-solid-900.7cd3ea3a010ee096.svg]
[jayantgoel001.github.io/styles.402510181605b4d4.css]
[jayantgoel001.github.io/fa-brands-400.ed0e53525eca5cb3.svg]
[jayantgoel001.github.io/fa-regular-400.1ed138b91f0db879.svg]
[jayantgoel001.github.io/fa-solid-900.7cd3ea3a010ee096.svg]
